// Jest Snapshot v1, https://goo.gl/fbAQLP

exports[`Nav will match snapshot if authedUser, name and avatarURL is passed 1`] = `
Object {
  "asFragment": [Function],
  "baseElement": <body>
    <div>
      <nav>
        <div
          class="left-nav"
        >
          <div>
            <span
              class="nav-link"
            >
              Home
            </span>
          </div>
          <div>
            <span
              class="nav-link"
            >
              Leaderboard
            </span>
          </div>
          <div>
            <span
              class="nav-link"
            >
              New
            </span>
          </div>
        </div>
        <div
          class="right-nav"
        >
          <div>
            <img
              alt="avatar"
              class="avatar-small"
              src="https://example.com/avatar.jpg"
            />
          </div>
          <div>
            Sara Edo
          </div>
          <div>
            <button
              class="nav-button"
            >
              Logout
            </button>
          </div>
        </div>
      </nav>
    </div>
  </body>,
  "container": <div>
    <nav>
      <div
        class="left-nav"
      >
        <div>
          <span
            class="nav-link"
          >
            Home
          </span>
        </div>
        <div>
          <span
            class="nav-link"
          >
            Leaderboard
          </span>
        </div>
        <div>
          <span
            class="nav-link"
          >
            New
          </span>
        </div>
      </div>
      <div
        class="right-nav"
      >
        <div>
          <img
            alt="avatar"
            class="avatar-small"
            src="https://example.com/avatar.jpg"
          />
        </div>
        <div>
          Sara Edo
        </div>
        <div>
          <button
            class="nav-button"
          >
            Logout
          </button>
        </div>
      </div>
    </nav>
  </div>,
  "debug": [Function],
  "findAllByAltText": [Function],
  "findAllByDisplayValue": [Function],
  "findAllByLabelText": [Function],
  "findAllByPlaceholderText": [Function],
  "findAllByRole": [Function],
  "findAllByTestId": [Function],
  "findAllByText": [Function],
  "findAllByTitle": [Function],
  "findByAltText": [Function],
  "findByDisplayValue": [Function],
  "findByLabelText": [Function],
  "findByPlaceholderText": [Function],
  "findByRole": [Function],
  "findByTestId": [Function],
  "findByText": [Function],
  "findByTitle": [Function],
  "getAllByAltText": [Function],
  "getAllByDisplayValue": [Function],
  "getAllByLabelText": [Function],
  "getAllByPlaceholderText": [Function],
  "getAllByRole": [Function],
  "getAllByTestId": [Function],
  "getAllByText": [Function],
  "getAllByTitle": [Function],
  "getByAltText": [Function],
  "getByDisplayValue": [Function],
  "getByLabelText": [Function],
  "getByPlaceholderText": [Function],
  "getByRole": [Function],
  "getByTestId": [Function],
  "getByText": [Function],
  "getByTitle": [Function],
  "queryAllByAltText": [Function],
  "queryAllByDisplayValue": [Function],
  "queryAllByLabelText": [Function],
  "queryAllByPlaceholderText": [Function],
  "queryAllByRole": [Function],
  "queryAllByTestId": [Function],
  "queryAllByText": [Function],
  "queryAllByTitle": [Function],
  "queryByAltText": [Function],
  "queryByDisplayValue": [Function],
  "queryByLabelText": [Function],
  "queryByPlaceholderText": [Function],
  "queryByRole": [Function],
  "queryByTestId": [Function],
  "queryByText": [Function],
  "queryByTitle": [Function],
  "rerender": [Function],
  "unmount": [Function],
}
`;
